// Jest Snapshot v1, https://goo.gl/fbAQLP

exports[`Breadcrumbs renders 1`] = `
<div
  className="MuiBox-root css-uqbram"
>
  <nav
    className="MuiTypography-root MuiTypography-body1 MuiBreadcrumbs-root css-1er78bm-MuiTypography-root-MuiBreadcrumbs-root"
  >
    <ol
      className="MuiBreadcrumbs-ol css-4pdmu4-MuiBreadcrumbs-ol"
    >
      <li
        className="MuiBreadcrumbs-li"
      >
        <a
          href="/"
        >
          Home
        </a>
      </li>
      <li
        aria-hidden={true}
        className="MuiBreadcrumbs-separator css-ny8lw7-MuiBreadcrumbs-separator"
      >
        /
      </li>
      <li
        className="MuiBreadcrumbs-li"
      >
        <a
          href="/products"
        >
          Products
        </a>
      </li>
      <li
        aria-hidden={true}
        className="MuiBreadcrumbs-separator css-ny8lw7-MuiBreadcrumbs-separator"
      >
        /
      </li>
      <li
        className="MuiBreadcrumbs-li"
      >
        <span
          className="MuiTypography-root MuiTypography-button css-t3za5n-MuiTypography-root"
        >
          Shoes
        </span>
      </li>
    </ol>
  </nav>
</div>
`;
