// Jest Snapshot v1, https://goo.gl/fbAQLP

exports[`MainFeaturedPost renders 1`] = `
<div
  className="MuiPaper-root MuiPaper-elevation MuiPaper-rounded MuiPaper-elevation1 css-rl1oml-MuiPaper-root"
>
  <img
    alt="main image description"
    src="https://source.unsplash.com/random"
    style={
      {
        "display": "none",
      }
    }
  />
  <div
    className="MuiBox-root css-1plq5y9"
  />
  <div
    className="MuiGrid-root MuiGrid-container css-11lq3yg-MuiGrid-root"
  >
    <div
      className="MuiGrid-root MuiGrid-item MuiGrid-grid-md-6 css-1k7sk4d-MuiGrid-root"
    >
      <div
        className="MuiBox-root css-30n99s"
      >
        <h1
          className="MuiTypography-root MuiTypography-h3 MuiTypography-gutterBottom css-1007tex-MuiTypography-root"
        />
        <p
          className="MuiTypography-root MuiTypography-h5 MuiTypography-paragraph css-187jqjf-MuiTypography-root"
        />
        <a
          className="MuiTypography-root MuiTypography-subtitle1 MuiLink-root MuiLink-underlineAlways css-1f9rlei-MuiTypography-root-MuiLink-root"
          href="#"
          onBlur={[Function]}
          onFocus={[Function]}
        >
          Continue reading...
        </a>
      </div>
    </div>
  </div>
</div>
`;
