// Jest Snapshot v1, https://goo.gl/fbAQLP

exports[`UploadImage renders 1`] = `
<div>
  <div
    class="MuiBox-root css-15m7mkq"
  >
    <h4
      class="MuiTypography-root MuiTypography-h4 css-o30d1n-MuiTypography-root"
    >
      Upload Image
    </h4>
  </div>
  <div
    class="MuiBox-root css-1iu09ww"
  >
    <form
      class="MuiBox-root css-1ircn5c"
      role="form"
    >
      <div
        class="MuiBox-root css-16pyyvj"
      >
        <span
          class="MuiButtonBase-root MuiButton-root MuiButton-contained MuiButton-containedPrimary MuiButton-sizeMedium MuiButton-containedSizeMedium MuiButton-root MuiButton-contained MuiButton-containedPrimary MuiButton-sizeMedium MuiButton-containedSizeMedium css-1kav12i-MuiButtonBase-root-MuiButton-root"
          role="button"
          tabindex="0"
        >
          Select Image
          <div
            accept="image/*"
            class="MuiFormControl-root MuiFormControl-fullWidth MuiTextField-root css-1c3j9he-MuiFormControl-root-MuiTextField-root"
            hidden=""
          >
            <label
              class="MuiFormLabel-root MuiInputLabel-root MuiInputLabel-formControl MuiInputLabel-animated MuiInputLabel-outlined MuiFormLabel-colorPrimary MuiInputLabel-root MuiInputLabel-formControl MuiInputLabel-animated MuiInputLabel-outlined css-uk4jy3-MuiFormLabel-root-MuiInputLabel-root"
              data-shrink="false"
              for=":r0:"
              id=":r0:-label"
            >
              Image
            </label>
            <div
              class="MuiInputBase-root MuiOutlinedInput-root MuiInputBase-colorPrimary MuiInputBase-fullWidth MuiInputBase-formControl css-12n1zae-MuiInputBase-root-MuiOutlinedInput-root"
            >
              <input
                aria-invalid="false"
                class="MuiInputBase-input MuiOutlinedInput-input css-5mmmz-MuiInputBase-input-MuiOutlinedInput-input"
                id=":r0:"
                type="file"
                value=""
              />
              <fieldset
                aria-hidden="true"
                class="MuiOutlinedInput-notchedOutline css-135f4hd-MuiOutlinedInput-notchedOutline"
              >
                <legend
                  class="css-yjsfm1"
                >
                  <span>
                    Image
                  </span>
                </legend>
              </fieldset>
            </div>
          </div>
          <span
            class="MuiTouchRipple-root css-8je8zh-MuiTouchRipple-root"
          />
        </span>
      </div>
    </form>
  </div>
</div>
`;
