// Jest Snapshot v1, https://goo.gl/fbAQLP

exports[`BaseLayout renders 1`] = `
<div
  className="MuiBox-root css-rz5wyk"
>
  <div
    className="MuiBox-root css-1k16k3j"
  >
    <div>
      MUI Container
    </div>
  </div>
  <div>
    MUI Container
  </div>
  <div
    className="MuiBox-root css-15j0roq"
  >
    <footer
      className="MuiBox-root css-1u2wc6v"
    >
      <div>
        MUI Grid
      </div>
    </footer>
  </div>
</div>
`;
