// Jest Snapshot v1, https://goo.gl/fbAQLP

exports[`ContactUs renders 1`] = `
<div
  className="MuiGrid-root MuiGrid-container MuiGrid-spacing-xs-3 css-18ksmt-MuiGrid-root"
>
  <div
    className="MuiGrid-root MuiGrid-item MuiGrid-grid-xs-12 MuiGrid-grid-lg-6 css-f0xsrb-MuiGrid-root"
  >
    <div>
      Mock Box
    </div>
  </div>
  <div
    className="MuiGrid-root MuiGrid-item MuiGrid-grid-xs-12 MuiGrid-grid-sm-10 MuiGrid-grid-md-7 MuiGrid-grid-lg-6 MuiGrid-grid-xl-4 css-143u1ea-MuiGrid-root"
  >
    <div>
      Mock Box
    </div>
  </div>
</div>
`;
