// Jest Snapshot v1, https://goo.gl/fbAQLP

exports[`ContactUs handles form errors 1`] = `
<div>
  <div
    class="MuiGrid-root MuiGrid-container MuiGrid-spacing-xs-3 css-18ksmt-MuiGrid-root"
  >
    <div
      class="MuiGrid-root MuiGrid-item MuiGrid-grid-xs-12 MuiGrid-grid-lg-6 css-1442ydi-MuiGrid-root"
    >
      <div
        class="MuiBox-root css-oqhpx7"
      />
    </div>
    <div
      class="MuiGrid-root MuiGrid-item MuiGrid-grid-xs-12 MuiGrid-grid-sm-10 MuiGrid-grid-md-7 MuiGrid-grid-lg-6 MuiGrid-grid-xl-4 css-1yvwk9y-MuiGrid-root"
    >
      <div
        class="MuiBox-root css-11gjnon"
      >
        <div
          class="MuiBox-root css-kan64s"
        >
          <h3
            class="MuiTypography-root MuiTypography-h3 css-u0vnxq-MuiTypography-root"
          >
            Contact us
          </h3>
        </div>
        <div
          class="MuiBox-root css-hwgoop"
        >
          <p
            class="MuiTypography-root MuiTypography-body2 css-16pa0vv-MuiTypography-root"
          >
            For further questions, including inquiries, please email danielhong35@gmail.com or contact using this contact form.
          </p>
          <form
            autocomplete="off"
            class="MuiBox-root css-1q4obf"
            method="post"
          >
            <div
              class="MuiGrid-root MuiGrid-container MuiGrid-spacing-xs-3 css-zow5z4-MuiGrid-root"
            >
              <div
                class="MuiGrid-root MuiGrid-item MuiGrid-grid-xs-12 MuiGrid-grid-md-6 css-4jxqa8-MuiGrid-root"
              >
                <div
                  class="MuiFormControl-root MuiFormControl-fullWidth MuiTextField-root css-1c3j9he-MuiFormControl-root-MuiTextField-root"
                >
                  <label
                    class="MuiFormLabel-root MuiInputLabel-root MuiInputLabel-formControl MuiInputLabel-animated MuiInputLabel-shrink MuiInputLabel-standard MuiFormLabel-colorPrimary MuiInputLabel-root MuiInputLabel-formControl MuiInputLabel-animated MuiInputLabel-shrink MuiInputLabel-standard css-osp2g4-MuiFormLabel-root-MuiInputLabel-root"
                    data-shrink="true"
                    for=":r4:"
                    id=":r4:-label"
                  >
                    Full Name
                  </label>
                  <div
                    class="MuiInputBase-root MuiInput-root MuiInput-underline MuiInputBase-colorPrimary MuiInputBase-fullWidth MuiInputBase-formControl css-11newoz-MuiInputBase-root-MuiInput-root"
                  >
                    <input
                      aria-invalid="false"
                      class="MuiInputBase-input MuiInput-input css-15e8ec1-MuiInputBase-input-MuiInput-input"
                      id=":r4:"
                      type="text"
                      value=""
                    />
                  </div>
                </div>
              </div>
              <div
                class="MuiGrid-root MuiGrid-item MuiGrid-grid-xs-12 MuiGrid-grid-md-6 css-4jxqa8-MuiGrid-root"
              >
                <div
                  class="MuiFormControl-root MuiFormControl-fullWidth MuiTextField-root css-1c3j9he-MuiFormControl-root-MuiTextField-root"
                >
                  <label
                    class="MuiFormLabel-root MuiInputLabel-root MuiInputLabel-formControl MuiInputLabel-animated MuiInputLabel-shrink MuiInputLabel-standard MuiFormLabel-colorPrimary MuiInputLabel-root MuiInputLabel-formControl MuiInputLabel-animated MuiInputLabel-shrink MuiInputLabel-standard css-osp2g4-MuiFormLabel-root-MuiInputLabel-root"
                    data-shrink="true"
                    for=":r5:"
                    id=":r5:-label"
                  >
                    Email
                  </label>
                  <div
                    class="MuiInputBase-root MuiInput-root MuiInput-underline MuiInputBase-colorPrimary MuiInputBase-fullWidth MuiInputBase-formControl css-11newoz-MuiInputBase-root-MuiInput-root"
                  >
                    <input
                      aria-invalid="false"
                      class="MuiInputBase-input MuiInput-input css-15e8ec1-MuiInputBase-input-MuiInput-input"
                      id=":r5:"
                      type="email"
                      value=""
                    />
                  </div>
                </div>
              </div>
              <div
                class="MuiGrid-root MuiGrid-item MuiGrid-grid-xs-12 css-5y6y53-MuiGrid-root"
              >
                <div
                  class="MuiFormControl-root MuiFormControl-fullWidth MuiTextField-root css-1c3j9he-MuiFormControl-root-MuiTextField-root"
                >
                  <label
                    class="MuiFormLabel-root MuiInputLabel-root MuiInputLabel-formControl MuiInputLabel-animated MuiInputLabel-shrink MuiInputLabel-standard MuiFormLabel-colorPrimary MuiInputLabel-root MuiInputLabel-formControl MuiInputLabel-animated MuiInputLabel-shrink MuiInputLabel-standard css-osp2g4-MuiFormLabel-root-MuiInputLabel-root"
                    data-shrink="true"
                    for=":r6:"
                    id=":r6:-label"
                  >
                    Subject
                  </label>
                  <div
                    class="MuiInputBase-root MuiInput-root MuiInput-underline MuiInputBase-colorPrimary MuiInputBase-fullWidth MuiInputBase-formControl css-11newoz-MuiInputBase-root-MuiInput-root"
                  >
                    <input
                      aria-invalid="false"
                      class="MuiInputBase-input MuiInput-input css-15e8ec1-MuiInputBase-input-MuiInput-input"
                      id=":r6:"
                      type="text"
                      value=""
                    />
                  </div>
                </div>
              </div>
              <div
                class="MuiGrid-root MuiGrid-item MuiGrid-grid-xs-12 css-5y6y53-MuiGrid-root"
              >
                <div
                  class="MuiFormControl-root MuiFormControl-fullWidth MuiTextField-root css-1c3j9he-MuiFormControl-root-MuiTextField-root"
                >
                  <label
                    class="MuiFormLabel-root MuiInputLabel-root MuiInputLabel-formControl MuiInputLabel-animated MuiInputLabel-shrink MuiInputLabel-standard MuiFormLabel-colorPrimary MuiInputLabel-root MuiInputLabel-formControl MuiInputLabel-animated MuiInputLabel-shrink MuiInputLabel-standard css-osp2g4-MuiFormLabel-root-MuiInputLabel-root"
                    data-shrink="true"
                    for=":r7:"
                    id=":r7:-label"
                  >
                    What can we help you?
                  </label>
                  <div
                    class="MuiInputBase-root MuiInput-root MuiInput-underline MuiInputBase-colorPrimary MuiInputBase-fullWidth MuiInputBase-formControl MuiInputBase-multiline css-inw9yj-MuiInputBase-root-MuiInput-root"
                  >
                    <textarea />
                  </div>
                </div>
              </div>
            </div>
            <div
              class="MuiGrid-root MuiGrid-item MuiGrid-grid-xs-12 css-5y6y53-MuiGrid-root"
            >
              <ul
                style="color: red; font-size: 10pt;"
              >
                <li>
                  Your name is required.
                </li>
                <li>
                  Your email is required.
                </li>
                <li>
                  Subject is required
                </li>
                <li>
                  Query is required.
                </li>
              </ul>
            </div>
            <div
              class="MuiGrid-root MuiGrid-container MuiGrid-item MuiGrid-grid-xs-12 css-1pzb5ph-MuiGrid-root"
            >
              <button
                class="MuiButtonBase-root MuiButton-root MuiButton-contained MuiButton-containedPrimary MuiButton-sizeMedium MuiButton-containedSizeMedium MuiButton-root MuiButton-contained MuiButton-containedPrimary MuiButton-sizeMedium MuiButton-containedSizeMedium css-1jnei4i-MuiButtonBase-root-MuiButton-root"
                tabindex="0"
                type="submit"
              >
                Send Message
                <span
                  class="MuiTouchRipple-root css-8je8zh-MuiTouchRipple-root"
                />
              </button>
            </div>
          </form>
        </div>
      </div>
    </div>
  </div>
</div>
`;

exports[`ContactUs renders 1`] = `
<div
  className="MuiGrid-root MuiGrid-container MuiGrid-spacing-xs-3 css-18ksmt-MuiGrid-root"
>
  <div
    className="MuiGrid-root MuiGrid-item MuiGrid-grid-xs-12 MuiGrid-grid-lg-6 css-1442ydi-MuiGrid-root"
  >
    <div
      className="MuiBox-root css-oqhpx7"
    />
  </div>
  <div
    className="MuiGrid-root MuiGrid-item MuiGrid-grid-xs-12 MuiGrid-grid-sm-10 MuiGrid-grid-md-7 MuiGrid-grid-lg-6 MuiGrid-grid-xl-4 css-1yvwk9y-MuiGrid-root"
  >
    <div
      className="MuiBox-root css-11gjnon"
    >
      <div
        className="MuiBox-root css-kan64s"
      >
        <h3
          className="MuiTypography-root MuiTypography-h3 css-u0vnxq-MuiTypography-root"
        >
          Contact us
        </h3>
      </div>
      <div
        className="MuiBox-root css-hwgoop"
      >
        <p
          className="MuiTypography-root MuiTypography-body2 css-16pa0vv-MuiTypography-root"
        >
          For further questions, including inquiries, please email danielhong35@gmail.com or contact using this contact form.
        </p>
        <form
          autoComplete="off"
          className="MuiBox-root css-1q4obf"
          method="post"
        >
          <div
            className="MuiGrid-root MuiGrid-container MuiGrid-spacing-xs-3 css-zow5z4-MuiGrid-root"
          >
            <div
              className="MuiGrid-root MuiGrid-item MuiGrid-grid-xs-12 MuiGrid-grid-md-6 css-4jxqa8-MuiGrid-root"
            >
              <div
                className="MuiFormControl-root MuiFormControl-fullWidth MuiTextField-root css-1c3j9he-MuiFormControl-root-MuiTextField-root"
              >
                <label
                  className="MuiFormLabel-root MuiInputLabel-root MuiInputLabel-formControl MuiInputLabel-animated MuiInputLabel-shrink MuiInputLabel-standard MuiFormLabel-colorPrimary MuiInputLabel-root MuiInputLabel-formControl MuiInputLabel-animated MuiInputLabel-shrink MuiInputLabel-standard css-osp2g4-MuiFormLabel-root-MuiInputLabel-root"
                  data-shrink={true}
                  htmlFor=":r0:"
                  id=":r0:-label"
                >
                  Full Name
                </label>
                <div
                  className="MuiInputBase-root MuiInput-root MuiInput-underline MuiInputBase-colorPrimary MuiInputBase-fullWidth MuiInputBase-formControl css-11newoz-MuiInputBase-root-MuiInput-root"
                  onClick={[Function]}
                >
                  <input
                    aria-invalid={false}
                    autoFocus={false}
                    className="MuiInputBase-input MuiInput-input css-15e8ec1-MuiInputBase-input-MuiInput-input"
                    disabled={false}
                    id=":r0:"
                    onAnimationStart={[Function]}
                    onBlur={[Function]}
                    onChange={[Function]}
                    onFocus={[Function]}
                    required={false}
                    type="text"
                  />
                </div>
              </div>
            </div>
            <div
              className="MuiGrid-root MuiGrid-item MuiGrid-grid-xs-12 MuiGrid-grid-md-6 css-4jxqa8-MuiGrid-root"
            >
              <div
                className="MuiFormControl-root MuiFormControl-fullWidth MuiTextField-root css-1c3j9he-MuiFormControl-root-MuiTextField-root"
              >
                <label
                  className="MuiFormLabel-root MuiInputLabel-root MuiInputLabel-formControl MuiInputLabel-animated MuiInputLabel-shrink MuiInputLabel-standard MuiFormLabel-colorPrimary MuiInputLabel-root MuiInputLabel-formControl MuiInputLabel-animated MuiInputLabel-shrink MuiInputLabel-standard css-osp2g4-MuiFormLabel-root-MuiInputLabel-root"
                  data-shrink={true}
                  htmlFor=":r1:"
                  id=":r1:-label"
                >
                  Email
                </label>
                <div
                  className="MuiInputBase-root MuiInput-root MuiInput-underline MuiInputBase-colorPrimary MuiInputBase-fullWidth MuiInputBase-formControl css-11newoz-MuiInputBase-root-MuiInput-root"
                  onClick={[Function]}
                >
                  <input
                    aria-invalid={false}
                    autoFocus={false}
                    className="MuiInputBase-input MuiInput-input css-15e8ec1-MuiInputBase-input-MuiInput-input"
                    disabled={false}
                    id=":r1:"
                    onAnimationStart={[Function]}
                    onBlur={[Function]}
                    onChange={[Function]}
                    onFocus={[Function]}
                    required={false}
                    type="email"
                  />
                </div>
              </div>
            </div>
            <div
              className="MuiGrid-root MuiGrid-item MuiGrid-grid-xs-12 css-5y6y53-MuiGrid-root"
            >
              <div
                className="MuiFormControl-root MuiFormControl-fullWidth MuiTextField-root css-1c3j9he-MuiFormControl-root-MuiTextField-root"
              >
                <label
                  className="MuiFormLabel-root MuiInputLabel-root MuiInputLabel-formControl MuiInputLabel-animated MuiInputLabel-shrink MuiInputLabel-standard MuiFormLabel-colorPrimary MuiInputLabel-root MuiInputLabel-formControl MuiInputLabel-animated MuiInputLabel-shrink MuiInputLabel-standard css-osp2g4-MuiFormLabel-root-MuiInputLabel-root"
                  data-shrink={true}
                  htmlFor=":r2:"
                  id=":r2:-label"
                >
                  Subject
                </label>
                <div
                  className="MuiInputBase-root MuiInput-root MuiInput-underline MuiInputBase-colorPrimary MuiInputBase-fullWidth MuiInputBase-formControl css-11newoz-MuiInputBase-root-MuiInput-root"
                  onClick={[Function]}
                >
                  <input
                    aria-invalid={false}
                    autoFocus={false}
                    className="MuiInputBase-input MuiInput-input css-15e8ec1-MuiInputBase-input-MuiInput-input"
                    disabled={false}
                    id=":r2:"
                    onAnimationStart={[Function]}
                    onBlur={[Function]}
                    onChange={[Function]}
                    onFocus={[Function]}
                    required={false}
                    type="text"
                  />
                </div>
              </div>
            </div>
            <div
              className="MuiGrid-root MuiGrid-item MuiGrid-grid-xs-12 css-5y6y53-MuiGrid-root"
            >
              <div
                className="MuiFormControl-root MuiFormControl-fullWidth MuiTextField-root css-1c3j9he-MuiFormControl-root-MuiTextField-root"
              >
                <label
                  className="MuiFormLabel-root MuiInputLabel-root MuiInputLabel-formControl MuiInputLabel-animated MuiInputLabel-shrink MuiInputLabel-standard MuiFormLabel-colorPrimary MuiInputLabel-root MuiInputLabel-formControl MuiInputLabel-animated MuiInputLabel-shrink MuiInputLabel-standard css-osp2g4-MuiFormLabel-root-MuiInputLabel-root"
                  data-shrink={true}
                  htmlFor=":r3:"
                  id=":r3:-label"
                >
                  What can we help you?
                </label>
                <div
                  className="MuiInputBase-root MuiInput-root MuiInput-underline MuiInputBase-colorPrimary MuiInputBase-fullWidth MuiInputBase-formControl MuiInputBase-multiline css-inw9yj-MuiInputBase-root-MuiInput-root"
                  onClick={[Function]}
                >
                  <textarea />
                </div>
              </div>
            </div>
          </div>
          <div />
          <div
            className="MuiGrid-root MuiGrid-container MuiGrid-item MuiGrid-grid-xs-12 css-1pzb5ph-MuiGrid-root"
          >
            <button
              className="MuiButtonBase-root MuiButton-root MuiButton-contained MuiButton-containedPrimary MuiButton-sizeMedium MuiButton-containedSizeMedium MuiButton-root MuiButton-contained MuiButton-containedPrimary MuiButton-sizeMedium MuiButton-containedSizeMedium css-1jnei4i-MuiButtonBase-root-MuiButton-root"
              disabled={false}
              onBlur={[Function]}
              onClick={[Function]}
              onContextMenu={[Function]}
              onDragLeave={[Function]}
              onFocus={[Function]}
              onKeyDown={[Function]}
              onKeyUp={[Function]}
              onMouseDown={[Function]}
              onMouseLeave={[Function]}
              onMouseUp={[Function]}
              onTouchEnd={[Function]}
              onTouchMove={[Function]}
              onTouchStart={[Function]}
              tabIndex={0}
              type="submit"
            >
              Send Message
            </button>
          </div>
        </form>
      </div>
    </div>
  </div>
</div>
`;
