// Jest Snapshot v1, https://goo.gl/fbAQLP

exports[`PictureShuffle renders with user 1`] = `
<div
  display="flex"
  flexDirection="column"
  minHeight="100vh"
>
  <div
    py={0.25}
  >
    <div>
      MUI Container
    </div>
  </div>
  <div>
    MUI Container
  </div>
  <div
    mt="auto"
  >
    <div
      component="footer"
      py={6}
    >
      <div>
        MUI Grid
      </div>
    </div>
  </div>
</div>
`;

exports[`PictureShuffle renders without user 1`] = `
<div
  display="flex"
  flexDirection="column"
  minHeight="100vh"
>
  <div
    py={0.25}
  >
    <div>
      MUI Container
    </div>
  </div>
  <div>
    MUI Container
  </div>
  <div
    mt="auto"
  >
    <div
      component="footer"
      py={6}
    >
      <div>
        MUI Grid
      </div>
    </div>
  </div>
</div>
`;
