// Jest Snapshot v1, https://goo.gl/fbAQLP

exports[`Profile renders 1`] = `
[
  <div
    className="MuiContainer-root MuiContainer-maxWidthLg css-nqeyix-MuiContainer-root"
  >
    <div
      className="MuiBox-root css-1yv1dw1"
    >
      <div
        className="MuiBox-root css-1dyncq9"
      >
        <a
          href="/"
        >
          <span
            className="MuiTypography-root MuiTypography-button css-lan4mq-MuiTypography-root"
          >
            Daniel Hong Portfolio
          </span>
        </a>
        <div
          className="MuiBox-root css-k0f0w7"
        >
          <a
            href="/doughnutRider"
          >
            <p
              className="MuiTypography-root MuiTypography-body2 css-incl6n-MuiTypography-root"
            >
              <svg
                aria-hidden={true}
                className="MuiSvgIcon-root MuiSvgIcon-fontSizeInherit css-eimhud-MuiSvgIcon-root"
                data-testid="DonutSmallIcon"
                focusable="false"
                viewBox="0 0 24 24"
              >
                <path
                  d="M11 9.16V2c-5 .5-9 4.79-9 10s4 9.5 9 10v-7.16c-1-.41-2-1.52-2-2.84s1-2.43 2-2.84zM14.86 11H22c-.48-4.75-4-8.53-9-9v7.16c1 .3 1.52.98 1.86 1.84zM13 14.84V22c5-.47 8.52-4.25 9-9h-7.14c-.34.86-.86 1.54-1.86 1.84z"
                />
              </svg>
            </p>
            <span
              className="MuiTypography-root MuiTypography-button css-129xe1v-MuiTypography-root"
            >
              doughnut rider
            </span>
            <p
              className="MuiTypography-root MuiTypography-body2 css-wnhb9o-MuiTypography-root"
            >
              <span
                aria-hidden={true}
                className="material-icons-round notranslate MuiIcon-root MuiIcon-fontSizeInherit css-x5zaln-MuiIcon-root"
              />
            </p>
          </a>
          <div
            className="MuiBox-root css-111f5ru"
            onMouseEnter={[Function]}
            onMouseLeave={[Function]}
          >
            <p
              className="MuiTypography-root MuiTypography-body2 css-incl6n-MuiTypography-root"
            >
              <span
                aria-hidden={true}
                className="material-icons-round notranslate MuiIcon-root MuiIcon-fontSizeInherit css-1neevca-MuiIcon-root"
              >
                view_day
              </span>
            </p>
            <span
              className="MuiTypography-root MuiTypography-button css-129xe1v-MuiTypography-root"
            >
              sections
            </span>
            <p
              className="MuiTypography-root MuiTypography-body2 css-wnhb9o-MuiTypography-root"
            >
              <span
                aria-hidden={true}
                className="material-icons-round notranslate MuiIcon-root MuiIcon-fontSizeInherit css-x5zaln-MuiIcon-root"
              >
                keyboard_arrow_down
              </span>
            </p>
          </div>
          <a
            className="MuiBox-root css-111f5ru"
            href="https://github.com/dhong9/dhong9.github.io"
            onMouseEnter={[Function]}
            onMouseLeave={[Function]}
            rel="noreferrer"
            target="_blank"
          >
            <p
              className="MuiTypography-root MuiTypography-body2 css-incl6n-MuiTypography-root"
            >
              <svg
                aria-hidden={true}
                className="MuiSvgIcon-root MuiSvgIcon-fontSizeInherit css-eimhud-MuiSvgIcon-root"
                data-testid="GitHubIcon"
                focusable="false"
                viewBox="0 0 24 24"
              >
                <path
                  d="M12 1.27a11 11 0 00-3.48 21.46c.55.09.73-.28.73-.55v-1.84c-3.03.64-3.67-1.46-3.67-1.46-.55-1.29-1.28-1.65-1.28-1.65-.92-.65.1-.65.1-.65 1.1 0 1.73 1.1 1.73 1.1.92 1.65 2.57 1.2 3.21.92a2 2 0 01.64-1.47c-2.47-.27-5.04-1.19-5.04-5.5 0-1.1.46-2.1 1.2-2.84a3.76 3.76 0 010-2.93s.91-.28 3.11 1.1c1.8-.49 3.7-.49 5.5 0 2.1-1.38 3.02-1.1 3.02-1.1a3.76 3.76 0 010 2.93c.83.74 1.2 1.74 1.2 2.94 0 4.21-2.57 5.13-5.04 5.4.45.37.82.92.82 2.02v3.03c0 .27.1.64.73.55A11 11 0 0012 1.27"
                />
              </svg>
            </p>
            <span
              className="MuiTypography-root MuiTypography-button css-129xe1v-MuiTypography-root"
            >
              github
            </span>
            <p
              className="MuiTypography-root MuiTypography-body2 css-wnhb9o-MuiTypography-root"
            >
              <span
                aria-hidden={true}
                className="material-icons-round notranslate MuiIcon-root MuiIcon-fontSizeInherit css-x5zaln-MuiIcon-root"
              />
            </p>
          </a>
          <div
            className="MuiBox-root css-111f5ru"
            onMouseEnter={[Function]}
            onMouseLeave={[Function]}
          >
            <p
              className="MuiTypography-root MuiTypography-body2 css-incl6n-MuiTypography-root"
            >
              <svg
                aria-hidden={true}
                className="MuiSvgIcon-root MuiSvgIcon-fontSizeInherit css-eimhud-MuiSvgIcon-root"
                data-testid="AccountCircleIcon"
                focusable="false"
                viewBox="0 0 24 24"
              >
                <path
                  d="M12 2C6.48 2 2 6.48 2 12s4.48 10 10 10 10-4.48 10-10S17.52 2 12 2zm0 4c1.93 0 3.5 1.57 3.5 3.5S13.93 13 12 13s-3.5-1.57-3.5-3.5S10.07 6 12 6zm0 14c-2.03 0-4.43-.82-6.14-2.88C7.55 15.8 9.68 15 12 15s4.45.8 6.14 2.12C16.43 19.18 14.03 20 12 20z"
                />
              </svg>
            </p>
            <span
              className="MuiTypography-root MuiTypography-button css-129xe1v-MuiTypography-root"
            />
            <p
              className="MuiTypography-root MuiTypography-body2 css-wnhb9o-MuiTypography-root"
            >
              <span
                aria-hidden={true}
                className="material-icons-round notranslate MuiIcon-root MuiIcon-fontSizeInherit css-x5zaln-MuiIcon-root"
              >
                keyboard_arrow_down
              </span>
            </p>
          </div>
        </div>
        <div
          className="MuiBox-root css-13l63k6"
        />
        <div
          className="MuiBox-root css-1kcb7bo"
          onClick={[Function]}
        >
          <span
            aria-hidden={true}
            className="material-icons-round notranslate MuiIcon-root MuiIcon-fontSizeDefault css-75zff6-MuiIcon-root"
          >
            menu
          </span>
        </div>
      </div>
      <div
        className="MuiBox-root css-1kfwhtq"
      />
    </div>
  </div>,
  <h3>
    My Profile
  </h3>,
]
`;
